--- TESTING SRI MOCK SERVER ---

Testing RecepcionComprobantesOffline...
Result: {
  "RespuestaRecepcionComprobante": {
    "estado": "DEVUELTA",
    "comprobantes": {
      "comprobante": {
        "claveAcceso": "N/A",
        "mensajes": {
          "mensaje": {
            "identificador": "35",
            "mensaje": "ARCHIVO NO CUMPLE ESTRUCTURA XML",
            "informacionAdicional": "Se encontr├│ el siguiente error en la estructura del comprobante: No se ha encontrado informaci├│n en el tag claveAcceso.",
            "tipo": "ERROR"
          }
        }
      }
    }
  }
}

Testing AutorizacionComprobantesOffline...
Result: {
  "RespuestaAutorizacionComprobante": {
    "claveAccesoConsultada": "1234567890123456789012345678901234567890123456789",
    "autorizaciones": {
      "autorizacion": {
        "estado": "RECHAZADA",
        "mensajes": {
          "mensaje": {
            "identificador": "80",
            "mensaje": "ERROR EN LA ESTRUCTURA DE LA CLAVE DE ACCESO",
            "informacionAdicional": "Error al consultar la clave acceso. Error en el formato de la clave acceso."
          }
        }
      }
    }
  }
}

SUCCESS: Both endpoints are working correctly.
